{
    "test-picard-sortsam": {
        "content": [
            "b9847fed94d2b7286e18caaa099658ce",
            [
                "versions.yml:md5,57fdb5903f398fd4883bb5f6f9ef167d"
            ]
        ],
        "meta": {
            "nf-test": "0.9.2",
            "nextflow": "24.10.5"
        },
        "timestamp": "2025-07-17T17:18:27.420681415"
    }
}
